Microchip MPLAB XC8 Compiler V2.40

Linker command line:

-W-3 \
  --edf=C:\Program Files\Microchip\xc8\v2.40\pic\dat\20220703182018_en.msgs \
  -cn -h+dist/default/production\PIC18F4620_Drivers.production.sym \
  --cmf=dist/default/production\PIC18F4620_Drivers.production.cmf -z \
  -Q18F4620 -oC:\Users\MAHMOU~1\AppData\Local\Temp\xcAsado.4 \
  --defsym=__MPLAB_BUILD=1 --fixupoverflow=error \
  -Mdist/default/production/PIC18F4620_Drivers.production.map \
  --md=C:\Users\MAHMOU~1\AppData\Local\Temp\xcAsado.dat -E1 \
  -ver=XC8 Compiler --acfsm=1493 -ACODE=00h-0FFFFh -ACONST=00h-0FFFFh \
  -ASMALLCONST=01000h-010FFhx240 -AMEDIUMCONST=01000h-0FFFFh \
  -ACOMRAM=01h-07Fh -AABS1=00h-0F7Fh -ABIGRAM=01h-0F7Fh \
  -ARAM=080h-0FFh,0100h-01FFhx14,0F00h-0F7Fh -ABANK0=080h-0FFh \
  -ABANK1=0100h-01FFh -ABANK2=0200h-02FFh -ABANK3=0300h-03FFh \
  -ABANK4=0400h-04FFh -ABANK5=0500h-05FFh -ABANK6=0600h-06FFh \
  -ABANK7=0700h-07FFh -ABANK8=0800h-08FFh -ABANK9=0900h-09FFh \
  -ABANK10=0A00h-0AFFh -ABANK11=0B00h-0BFFh -ABANK12=0C00h-0CFFh \
  -ABANK13=0D00h-0DFFh -ABANK14=0E00h-0EFFh -ABANK15=0F00h-0F7Fh \
  -ASFR=0F80h-0FFFh -ABIGSFR=0F80h-0FFFh -ACONFIG=0300000h-030000Dh \
  -AIDLOC=0200000h-0200007h -AEEDATA=0F00000h-0F003FFh -peeprom_data=EEDATA \
  -preset_vec=00h,intcode=08h,intcodelo,powerup,init -pramtop=01000h \
  -psmallconst=SMALLCONST -pmediumconst=MEDIUMCONST -pconst=CONST \
  -AFARRAM=00h-00h \
  -prdata=COMRAM,nvrram=COMRAM,nvbit=COMRAM,rbss=COMRAM,rbit=COMRAM \
  -pfarbss=FARRAM,fardata=FARRAM,nvFARRAM=FARRAM \
  -pintsave_regs=BIGRAM,bigbss=BIGRAM,bigdata=BIGRAM -pbss=RAM \
  -pidata=CODE,irdata=CODE,ibigdata=CODE,ifardata=CODE -prparam=COMRAM \
  C:\Users\MAHMOU~1\AppData\Local\Temp\xcAsado.o \
  dist/default/production\PIC18F4620_Drivers.production.o 

Object code version is 3.11

Machine type is 18F4620



                Name                               Link     Load   Length Selector   Space Scale
C:\Users\MAHMOU~1\AppData\Local\Temp\xcAsado.o
                idloc                            200000   200000        8        0       5
                config                           300000   300000        E        0       4
                init                                  E        E        4        4       0
                reset_vec                             0        0        4        0       0
dist/default/production\PIC18F4620_Drivers.production.o
                intcode                               8        8        6        4       0
                idloc                            200000   200000        8        0       5
                config                           300000   300000        E        0       4
                temp                                 66       66        1        1       1
                smallconst                         1000     1000       16      800       0
                text14                             1666     1666        4      AE7       0
                text13                             1662     1662        4      AE7       0
                text12                             165E     165E        4      AE7       0
                text11                             165A     165A        4      AE7       0
                text10                             1640     1640       1A      AE7       0
                text9                              1626     1626       1A      AE7       0
                text8                              160C     160C       1A      AE7       0
                text7                              15F2     15F2       1A      AE7       0
                intcode_body                       1016     1016      2A6      80B       0
                text5                              1394     1394       C4      80B       0
                text4                              12BC     12BC       D8      80B       0
                text3                              1534     1534       3A      80B       0
                text2                              15CE     15CE       24      AE7       0
                text1                              1458     1458       74      80B       0
                text0                              14CC     14CC       68      80B       0
                cstackCOMRAM                         57       57        F        1       1
                dataCOMRAM                           2E       2E       29        1       1
                bssCOMRAM                             1        1       2D        1       1
                cinit                              156E     156E       36      80B       0
                idataCOMRAM                        15A4     15A4       29      80B       0

TOTAL           Name                               Link     Load   Length     Space
        CLASS   CODE           
                intcode                               8        8        6         0
                init                                  E        E        4         0
                reset_vec                             0        0        4         0
                text14                             1666     1666        4         0
                text13                             1662     1662        4         0
                text12                             165E     165E        4         0
                text11                             165A     165A        4         0
                text10                             1640     1640       1A         0
                text9                              1626     1626       1A         0
                text8                              160C     160C       1A         0
                text7                              15F2     15F2       1A         0
                intcode_body                       1016     1016      2A6         0
                text5                              1394     1394       C4         0
                text4                              12BC     12BC       D8         0
                text3                              1534     1534       3A         0
                text2                              15CE     15CE       24         0
                text1                              1458     1458       74         0
                text0                              14CC     14CC       68         0
                cinit                              156E     156E       36         0
                idataCOMRAM                        15A4     15A4       29         0

        CLASS   CONST          

        CLASS   SMALLCONST     
                smallconst                         1000     1000       16         0

        CLASS   MEDIUMCONST    

        CLASS   COMRAM         
                temp                                 66       66        1         1
                cstackCOMRAM                         57       57        F         1
                dataCOMRAM                           2E       2E       29         1
                bssCOMRAM                             1        1       2D         1

        CLASS   ABS1           

        CLASS   BIGRAM         

        CLASS   RAM            

        CLASS   BANK0          

        CLASS   BANK1          

        CLASS   BANK2          

        CLASS   BANK3          

        CLASS   BANK4          

        CLASS   BANK5          

        CLASS   BANK6          

        CLASS   BANK7          

        CLASS   BANK8          

        CLASS   BANK9          

        CLASS   BANK10         

        CLASS   BANK11         

        CLASS   BANK12         

        CLASS   BANK13         

        CLASS   BANK14         

        CLASS   BANK15         

        CLASS   SFR            

        CLASS   BIGSFR         

        CLASS   CONFIG         
                config                           300000   300000        E         4

        CLASS   IDLOC          
                idloc                            200000   200000        8         5

        CLASS   EEDATA         

        CLASS   FARRAM         

        CLASS   HEAP           

        CLASS   STACK          



SEGMENTS        Name                           Load    Length   Top    Selector   Space  Class

                reset_vec                      000000  000004  000004         0       0  CODE    
                bssCOMRAM                      000001  000066  000067         1       1  COMRAM  
                intcode                        000008  00000A  000012         4       0  CODE    
                smallconst                     001000  000016  001016       800       0  SMALLCON
                intcode_body                   001016  0005B7  0015CD       80B       0  CODE    
                text2                          0015CE  00009C  00166A       AE7       0  CODE    


UNUSED ADDRESS RANGES

        Name                Unused          Largest block    Delta
        BANK0            000080-0000FF               80
        BANK1            000100-0001FF              100
        BANK10           000A00-000AFF              100
        BANK11           000B00-000BFF              100
        BANK12           000C00-000CFF              100
        BANK13           000D00-000DFF              100
        BANK14           000E00-000EFF              100
        BANK15           000F00-000F7F               80
        BANK2            000200-0002FF              100
        BANK3            000300-0003FF              100
        BANK4            000400-0004FF              100
        BANK5            000500-0005FF              100
        BANK6            000600-0006FF              100
        BANK7            000700-0007FF              100
        BANK8            000800-0008FF              100
        BANK9            000900-0009FF              100
        BIGRAM           000067-000F7F              F19
        BIGSFR           000F80-000FFF               80
        CODE             000004-000007                4
                         000012-000FFF              FEE
                         0015CD-0015CD                1
                         00166A-00FFFF             E996
        COMRAM           000067-00007F               19
        CONST            000004-000007                4
                         000012-000FFF              FEE
                         0015CD-0015CD                1
                         00166A-00FFFF             E996
        EEDATA           F00000-F003FF              400
        MEDIUMCONST      0015CD-0015CD                1
                         00166A-00FFFF             E996
        RAM              000080-000F7F              100
        SFR              000F80-000FFF               80
        SMALLCONST       0015CD-0015CD                1
                         00166A-00FFFF              100

                                  Symbol Table

ADC_GetConversionResult@_adc                 cstackCOMRAM 000058
ADC_GetConversionResult@conversion_result    cstackCOMRAM 00005A
ADC_GetConversionResult@ret                  cstackCOMRAM 00005F
ADC_GetConversion_Blocking@_adc              cstackCOMRAM 000060
ADC_GetConversion_Blocking@channel           cstackCOMRAM 000062
ADC_GetConversion_Blocking@conversion_result cstackCOMRAM 000063
ADC_GetConversion_Blocking@ret               cstackCOMRAM 000065
ADC_SelectChannel@_adc                       cstackCOMRAM 00005B
ADC_SelectChannel@channel                    cstackCOMRAM 00005D
ADC_SelectChannel@ret                        cstackCOMRAM 00005F
ADC_StartConversion@_adc                     cstackCOMRAM 000058
ADC_StartConversion@ret                      cstackCOMRAM 00005A
RB4_ISR@RB4_Source                           cstackCOMRAM 000057
RB5_ISR@RB5_Source                           cstackCOMRAM 000057
RB6_ISR@RB6_Source                           cstackCOMRAM 000057
RB7_ISR@RB7_Source                           cstackCOMRAM 000057
_ADCON0bits                                  (abs)        000FC2
_ADCON1bits                                  (abs)        000FC1
_ADCON2bits                                  (abs)        000FC0
_ADC_GetConversionResult                     text5        001394
_ADC_GetConversion_Blocking                  text1        001458
_ADC_ISR                                     text14       001666
_ADC_InterruptHandler                        bssCOMRAM    000007
_ADC_SelectChannel                           text3        001534
_ADC_StartConversion                         text2        0015CE
_ADRESH                                      (abs)        000FC4
_ADRESL                                      (abs)        000FC3
_EEADR                                       (abs)        000FA9
_EEADRH                                      (abs)        000FAA
_EECON1bits                                  (abs)        000FA6
_EECON2                                      (abs)        000FA7
_EEDATA                                      (abs)        000FA8
_INT0_ISR                                    text13       001662
_INT0_InterruptHandler                       bssCOMRAM    00001D
_INT1_ISR                                    text12       00165E
_INT1_InterruptHandler                       bssCOMRAM    00001B
_INT2_ISR                                    text11       00165A
_INT2_InterruptHandler                       bssCOMRAM    000019
_INTCON2bits                                 (abs)        000FF1
_INTCON3bits                                 (abs)        000FF0
_INTCONbits                                  (abs)        000FF2
_InterruptManager                            intcode      000008
_LATA                                        (abs)        000F89
_LATB                                        (abs)        000F8A
_LATC                                        (abs)        000F8B
_LATD                                        (abs)        000F8C
_LATE                                        (abs)        000F8D
_PIE1bits                                    (abs)        000F9D
_PIR1bits                                    (abs)        000F9E
_PORTA                                       (abs)        000F80
_PORTB                                       (abs)        000F81
_PORTBbits                                   (abs)        000F81
_PORTC                                       (abs)        000F82
_PORTD                                       (abs)        000F83
_PORTE                                       (abs)        000F84
_RB4_Flag                                    dataCOMRAM   00004F
_RB4_ISR                                     text10       001640
_RB4_InterruptHandler_HIGH                   bssCOMRAM    000017
_RB4_InterruptHandler_LOW                    bssCOMRAM    000015
_RB5_Flag                                    dataCOMRAM   00004E
_RB5_ISR                                     text9        001626
_RB5_InterruptHandler_HIGH                   bssCOMRAM    000013
_RB5_InterruptHandler_LOW                    bssCOMRAM    000011
_RB6_Flag                                    dataCOMRAM   00004D
_RB6_ISR                                     text8        00160C
_RB6_InterruptHandler_HIGH                   bssCOMRAM    00000F
_RB6_InterruptHandler_LOW                    bssCOMRAM    00000D
_RB7_Flag                                    dataCOMRAM   00004C
_RB7_ISR                                     text7        0015F2
_RB7_InterruptHandler_HIGH                   bssCOMRAM    00000B
_RB7_InterruptHandler_LOW                    bssCOMRAM    000009
_TRISA                                       (abs)        000F92
_TRISB                                       (abs)        000F93
_TRISC                                       (abs)        000F94
_TRISD                                       (abs)        000F95
_TRISE                                       (abs)        000F96
__HRAM                                       (abs)        000000
__Habs1                                      abs1         000000
__Hbank0                                     bank0        000000
__Hbank1                                     bank1        000000
__Hbank10                                    bank10       000000
__Hbank11                                    bank11       000000
__Hbank12                                    bank12       000000
__Hbank13                                    bank13       000000
__Hbank14                                    bank14       000000
__Hbank15                                    bank15       000000
__Hbank2                                     bank2        000000
__Hbank3                                     bank3        000000
__Hbank4                                     bank4        000000
__Hbank5                                     bank5        000000
__Hbank6                                     bank6        000000
__Hbank7                                     bank7        000000
__Hbank8                                     bank8        000000
__Hbank9                                     bank9        000000
__Hbigbss                                    bigbss       000000
__Hbigdata                                   bigdata      000000
__Hbigram                                    bigram       000000
__Hbigsfr                                    bigsfr       000000
__Hbss                                       bss          000000
__HbssCOMRAM                                 bssCOMRAM    000000
__Hcinit                                     cinit        000000
__Hclrtext                                   clrtext      000000
__Hcomram                                    comram       000000
__Hconfig                                    config       30000E
__Hconst                                     const        000000
__HcstackCOMRAM                              cstackCOMRAM 000000
__Hdata                                      data         000000
__HdataCOMRAM                                dataCOMRAM   000000
__Heeprom_data                               eeprom_data  000000
__Hfarbss                                    farbss       000000
__Hfardata                                   fardata      000000
__Hheap                                      heap         000000
__Hibigdata                                  ibigdata     000000
__Hidata                                     idata        000000
__HidataCOMRAM                               idataCOMRAM  000000
__Hidloc                                     idloc        200008
__Hifardata                                  ifardata     000000
__Hinit                                      init         000012
__Hintcode                                   intcode      00000E
__Hintcode_body                              intcode_body 000000
__Hintcodelo                                 intcodelo    00000E
__Hintentry                                  intentry     000000
__Hintret                                    intret       000000
__Hintsave_regs                              intsave_regs 000000
__Hirdata                                    irdata       000000
__Hmediumconst                               mediumconst  000000
__HnvFARRAM                                  nvFARRAM     000000
__Hnvbit                                     nvbit        000000
__Hnvrram                                    nvrram       000000
__Hparam                                     rparam       000000
__Hpowerup                                   powerup      00000E
__Hram                                       ram          000000
__Hramtop                                    ramtop       001000
__Hrbit                                      rbit         000000
__Hrbss                                      rbss         000000
__Hrdata                                     rdata        000000
__Hreset_vec                                 reset_vec    000004
__Hrparam                                    rparam       000000
__Hsfr                                       sfr          000000
__Hsmallconst                                smallconst   001016
__Hspace_0                                   (abs)        00166A
__Hspace_1                                   (abs)        000067
__Hspace_2                                   (abs)        000000
__Hspace_4                                   (abs)        60000E
__Hstack                                     stack        000000
__Hstruct                                    struct       000000
__Htemp                                      temp         000067
__Htext                                      text         000000
__Htext0                                     text0        000000
__Htext1                                     text1        000000
__Htext10                                    text10       000000
__Htext11                                    text11       000000
__Htext12                                    text12       000000
__Htext13                                    text13       000000
__Htext14                                    text14       000000
__Htext2                                     text2        000000
__Htext3                                     text3        000000
__Htext4                                     text4        000000
__Htext5                                     text5        000000
__Htext7                                     text7        000000
__Htext8                                     text8        000000
__Htext9                                     text9        000000
__LRAM                                       (abs)        000001
__Labs1                                      abs1         000000
__Lbank0                                     bank0        000000
__Lbank1                                     bank1        000000
__Lbank10                                    bank10       000000
__Lbank11                                    bank11       000000
__Lbank12                                    bank12       000000
__Lbank13                                    bank13       000000
__Lbank14                                    bank14       000000
__Lbank15                                    bank15       000000
__Lbank2                                     bank2        000000
__Lbank3                                     bank3        000000
__Lbank4                                     bank4        000000
__Lbank5                                     bank5        000000
__Lbank6                                     bank6        000000
__Lbank7                                     bank7        000000
__Lbank8                                     bank8        000000
__Lbank9                                     bank9        000000
__Lbigbss                                    bigbss       000000
__Lbigdata                                   bigdata      000000
__Lbigram                                    bigram       000000
__Lbigsfr                                    bigsfr       000000
__Lbss                                       bss          000000
__LbssCOMRAM                                 bssCOMRAM    000000
__Lcinit                                     cinit        000000
__Lclrtext                                   clrtext      000000
__Lcomram                                    comram       000000
__Lconfig                                    config       000000
__Lconst                                     const        000000
__LcstackCOMRAM                              cstackCOMRAM 000000
__Ldata                                      data         000000
__LdataCOMRAM                                dataCOMRAM   000000
__Leeprom_data                               eeprom_data  000000
__Lfarbss                                    farbss       000000
__Lfardata                                   fardata      000000
__Lheap                                      heap         000000
__Libigdata                                  ibigdata     000000
__Lidata                                     idata        000000
__LidataCOMRAM                               idataCOMRAM  000000
__Lidloc                                     idloc        000000
__Lifardata                                  ifardata     000000
__Linit                                      init         00000E
__Lintcode                                   intcode      000008
__Lintcode_body                              intcode_body 000000
__Lintcodelo                                 intcodelo    00000E
__Lintentry                                  intentry     000000
__Lintret                                    intret       000000
__Lintsave_regs                              intsave_regs 000000
__Lirdata                                    irdata       000000
__Lmediumconst                               mediumconst  000000
__LnvFARRAM                                  nvFARRAM     000000
__Lnvbit                                     nvbit        000000
__Lnvrram                                    nvrram       000000
__Lparam                                     rparam       000000
__Lpowerup                                   powerup      00000E
__Lram                                       ram          000000
__Lramtop                                    ramtop       001000
__Lrbit                                      rbit         000000
__Lrbss                                      rbss         000000
__Lrdata                                     rdata        000000
__Lreset_vec                                 reset_vec    000000
__Lrparam                                    rparam       000000
__Lsfr                                       sfr          000000
__Lsmallconst                                smallconst   001000
__Lspace_0                                   (abs)        000000
__Lspace_1                                   (abs)        000000
__Lspace_2                                   (abs)        000000
__Lspace_4                                   (abs)        000000
__Lstack                                     stack        000000
__Lstruct                                    struct       000000
__Ltemp                                      temp         000066
__Ltext                                      text         000000
__Ltext0                                     text0        000000
__Ltext1                                     text1        000000
__Ltext10                                    text10       000000
__Ltext11                                    text11       000000
__Ltext12                                    text12       000000
__Ltext13                                    text13       000000
__Ltext14                                    text14       000000
__Ltext2                                     text2        000000
__Ltext3                                     text3        000000
__Ltext4                                     text4        000000
__Ltext5                                     text5        000000
__Ltext7                                     text7        000000
__Ltext8                                     text8        000000
__Ltext9                                     text9        000000
__S0                                         (abs)        00166A
__S1                                         (abs)        000067
__S4                                         (abs)        000000
__S5                                         (abs)        000000
___heap_hi                                   (abs)        000000
___heap_lo                                   (abs)        000000
___inthi_sp                                  stack        000000
___intlo_sp                                  stack        000000
___param_bank                                (abs)        000000
___rparam_used                               (abs)        000001
___sp                                        stack        000000
__accesstop                                  (abs)        000080
__activetblptr                               (abs)        000003
__end_of_ADC_GetConversionResult             text5        001458
__end_of_ADC_GetConversion_Blocking          text1        0014CC
__end_of_ADC_ISR                             text14       00166A
__end_of_ADC_SelectChannel                   text3        00156E
__end_of_ADC_StartConversion                 text2        0015F2
__end_of_INT0_ISR                            text13       001666
__end_of_INT1_ISR                            text12       001662
__end_of_INT2_ISR                            text11       00165E
__end_of_InterruptManager                    intcode_body 0012BC
__end_of_RB4_ISR                             text10       00165A
__end_of_RB5_ISR                             text9        001640
__end_of_RB6_ISR                             text8        001626
__end_of_RB7_ISR                             text7        00160C
__end_of__initialization                     cinit        00159A
__end_of_adc_input_channel_port_configure    text4        001394
__end_of_btn_values                          smallconst   001011
__end_of_main                                text0        001534
__initialization                             cinit        00156E
__mediumconst                                mediumconst  000000
__pbssCOMRAM                                 bssCOMRAM    000001
__pcinit                                     cinit        00156E
__pcstackCOMRAM                              cstackCOMRAM 000057
__pdataCOMRAM                                dataCOMRAM   00002E
__pidataCOMRAM                               idataCOMRAM  0015A4
__pintcode                                   intcode      000008
__pintcode_body                              intcode_body 001016
__psmallconst                                smallconst   001000
__ptext0                                     text0        0014CC
__ptext1                                     text1        001458
__ptext10                                    text10       001640
__ptext11                                    text11       00165A
__ptext12                                    text12       00165E
__ptext13                                    text13       001662
__ptext14                                    text14       001666
__ptext2                                     text2        0015CE
__ptext3                                     text3        001534
__ptext4                                     text4        0012BC
__ptext5                                     text5        001394
__ptext7                                     text7        0015F2
__ptext8                                     text8        00160C
__ptext9                                     text9        001626
__ramtop                                     ramtop       001000
__smallconst                                 smallconst   001000
_adc_1                                       dataCOMRAM   000050
_adc_input_channel_port_configure            text4        0012BC
_adc_res_1                                   bssCOMRAM    00002C
_adc_res_2                                   bssCOMRAM    00002A
_adc_res_3                                   bssCOMRAM    000028
_adc_res_4                                   bssCOMRAM    000026
_lat_regs                                    dataCOMRAM   00002E
_main                                        text0        0014CC
_port_regs                                   dataCOMRAM   000038
_tris_regs                                   dataCOMRAM   000042
adc_input_channel_port_configure@channel     cstackCOMRAM 00005A
btemp                                        temp         000066
end_of_initialization                        cinit        00159A
int$flags                                    temp         000066
int_func                                     intcode_body 001016
intlevel0                                    text         000000
intlevel1                                    text         000000
intlevel2                                    text         000000
intlevel3                                    text         000000
isa$std                                      (abs)        000001
isa$xinst                                    (abs)        000000
led_init@F3045                               bssCOMRAM    000025
led_toggle@F3060                             bssCOMRAM    000022
led_turn_off@F3055                           bssCOMRAM    000023
led_turn_on@F3050                            bssCOMRAM    000024
relay_initialize@F3039                       bssCOMRAM    000021
relay_turn_off@F3049                         bssCOMRAM    00001F
relay_turn_on@F3044                          bssCOMRAM    000020
stackhi                                      (abs)        000000
stacklo                                      (abs)        000000
start                                        init         00000E
start_initialization                         cinit        00156E
ttemp5                                       temp         000067
ttemp6                                       temp         00006A
ttemp7                                       temp         00006E
wtemp8                                       temp         000067


MODULE INFORMATION

Module		Function		Class		Link	Load	Size
MCAL/INTERRUPT/mcal_exrternal_interrupt.c
		_RB4_ISR       		CODE           	1640	0000	26
		_RB5_ISR       		CODE           	1626	0000	26
		_RB6_ISR       		CODE           	160C	0000	26
		_RB7_ISR       		CODE           	15F2	0000	26
		_INT0_ISR      		CODE           	1662	0000	4
		_INT1_ISR      		CODE           	165E	0000	4
		_INT2_ISR      		CODE           	165A	0000	4

MCAL/INTERRUPT/mcal_exrternal_interrupt.c estimated size: 116

MCAL/ADC/adc.c
		_adc_input_channel_port_configure		CODE           	12BC	0000	216
		_ADC_GetConversion_Blocking		CODE           	1458	0000	116
		_ADC_GetConversionResult		CODE           	1394	0000	196
		_ADC_StartConversion		CODE           	15CE	0000	36
		_ADC_ISR       		CODE           	1666	0000	4
		_ADC_SelectChannel		CODE           	1534	0000	58

MCAL/ADC/adc.c estimated size: 626

shared
		_btn_values    		SMALLCONST     	0000	0000	0
		__initialization		CODE           	156E	0000	44

shared estimated size: 44

app.c
		_main          		CODE           	14CC	0000	104

app.c estimated size: 104

MCAL/INTERRUPT/mcal_interrupt_manager.c
		_InterruptManager		CODE           	0008	0000	684

MCAL/INTERRUPT/mcal_interrupt_manager.c estimated size: 684

