Microchip MPLAB XC8 Compiler V2.40

Linker command line:

-W-3 \
  --edf=C:\Program Files\Microchip\xc8\v2.40\pic\dat\20220703182018_en.msgs \
  -cn -h+dist/default/production\PIC18F4620_Drivers.production.sym \
  --cmf=dist/default/production\PIC18F4620_Drivers.production.cmf -z \
  -Q18F4620 -oC:\Users\MAHMOU~1\AppData\Local\Temp\xcAsq0o.4 \
  --defsym=__MPLAB_BUILD=1 --fixupoverflow=error \
  -Mdist/default/production/PIC18F4620_Drivers.production.map \
  --md=C:\Users\MAHMOU~1\AppData\Local\Temp\xcAsq0o.dat -E1 \
  -ver=XC8 Compiler --acfsm=1493 -ACODE=00h-0FFFFh -ACONST=00h-0FFFFh \
  -ASMALLCONST=01000h-010FFhx240 -AMEDIUMCONST=01000h-0FFFFh \
  -ACOMRAM=01h-07Fh -AABS1=00h-0F7Fh -ABIGRAM=01h-0F7Fh \
  -ARAM=080h-0FFh,0100h-01FFhx14,0F00h-0F7Fh -ABANK0=080h-0FFh \
  -ABANK1=0100h-01FFh -ABANK2=0200h-02FFh -ABANK3=0300h-03FFh \
  -ABANK4=0400h-04FFh -ABANK5=0500h-05FFh -ABANK6=0600h-06FFh \
  -ABANK7=0700h-07FFh -ABANK8=0800h-08FFh -ABANK9=0900h-09FFh \
  -ABANK10=0A00h-0AFFh -ABANK11=0B00h-0BFFh -ABANK12=0C00h-0CFFh \
  -ABANK13=0D00h-0DFFh -ABANK14=0E00h-0EFFh -ABANK15=0F00h-0F7Fh \
  -ASFR=0F80h-0FFFh -ABIGSFR=0F80h-0FFFh -ACONFIG=0300000h-030000Dh \
  -AIDLOC=0200000h-0200007h -AEEDATA=0F00000h-0F003FFh -peeprom_data=EEDATA \
  -preset_vec=00h,intcode,intcodelo,powerup,init -pramtop=01000h \
  -psmallconst=SMALLCONST -pmediumconst=MEDIUMCONST -pconst=CONST \
  -AFARRAM=00h-00h \
  -prdata=COMRAM,nvrram=COMRAM,nvbit=COMRAM,rbss=COMRAM,rbit=COMRAM \
  -pfarbss=FARRAM,fardata=FARRAM,nvFARRAM=FARRAM \
  -pintsave_regs=BIGRAM,bigbss=BIGRAM,bigdata=BIGRAM -pbss=RAM \
  -pidata=CODE,irdata=CODE,ibigdata=CODE,ifardata=CODE -prparam=COMRAM \
  C:\Users\MAHMOU~1\AppData\Local\Temp\xcAsq0o.o \
  dist/default/production\PIC18F4620_Drivers.production.o 

Object code version is 3.11

Machine type is 18F4620



                Name                               Link     Load   Length Selector   Space Scale
C:\Users\MAHMOU~1\AppData\Local\Temp\xcAsq0o.o
                idloc                            200000   200000        8        0       5
                config                           300000   300000        E        0       4
                init                                  0        0        4        0       0
dist/default/production\PIC18F4620_Drivers.production.o
                idloc                            200000   200000        8        0       5
                config                           300000   300000        E        0       4
                text8                              FD78     FD78      144     7EBC       0
                text7                              FEBC     FEBC      144     7F5E       0
                text6                              F9DC     F9DC       3A     7CEE       0
                text5                              FAE2     FAE2       76     7D71       0
                text4                              FBCE     FBCE       9C     7DE7       0
                text3                              FB58     FB58       76     7DAC       0
                text2                              FA16     FA16       66     7D0B       0
                text1                              FA7C     FA7C       66     7D3E       0
                text0                              FC6A     FC6A      10E     7E35       0
                cstackCOMRAM                         20       20       12        1       1
                dataCOMRAM                            1        1       1F        1       1
                bssCOMRAM                            32       32        4        1       1
                cinit                              F9AA     F9AA       32     7CD5       0
                idataCOMRAM                        F98B     F98B       1F     F98B       0

TOTAL           Name                               Link     Load   Length     Space
        CLASS   CODE           
                init                                  0        0        4         0
                text8                              FD78     FD78      144         0
                text7                              FEBC     FEBC      144         0
                text6                              F9DC     F9DC       3A         0
                text5                              FAE2     FAE2       76         0
                text4                              FBCE     FBCE       9C         0
                text3                              FB58     FB58       76         0
                text2                              FA16     FA16       66         0
                text1                              FA7C     FA7C       66         0
                text0                              FC6A     FC6A      10E         0
                cinit                              F9AA     F9AA       32         0
                idataCOMRAM                        F98B     F98B       1F         0

        CLASS   CONST          

        CLASS   SMALLCONST     

        CLASS   MEDIUMCONST    

        CLASS   COMRAM         
                cstackCOMRAM                         20       20       12         1
                dataCOMRAM                            1        1       1F         1
                bssCOMRAM                            32       32        4         1

        CLASS   ABS1           

        CLASS   BIGRAM         

        CLASS   RAM            

        CLASS   BANK0          

        CLASS   BANK1          

        CLASS   BANK2          

        CLASS   BANK3          

        CLASS   BANK4          

        CLASS   BANK5          

        CLASS   BANK6          

        CLASS   BANK7          

        CLASS   BANK8          

        CLASS   BANK9          

        CLASS   BANK10         

        CLASS   BANK11         

        CLASS   BANK12         

        CLASS   BANK13         

        CLASS   BANK14         

        CLASS   BANK15         

        CLASS   SFR            

        CLASS   BIGSFR         

        CLASS   CONFIG         
                config                           300000   300000        E         4

        CLASS   IDLOC          
                idloc                            200000   200000        8         5

        CLASS   EEDATA         

        CLASS   FARRAM         

        CLASS   HEAP           

        CLASS   STACK          



SEGMENTS        Name                           Load    Length   Top    Selector   Space  Class

                reset_vec                      000000  000004  000004         0       0  CODE    
                dataCOMRAM                     000001  000035  000036         1       1  COMRAM  
                idataCOMRAM                    00F98B  00001F  00F9AA      F98B       0  CODE    
                cinit                          00F9AA  000032  00F9DC      7CD5       0  CODE    
                text6                          00F9DC  00003A  00FA16      7CEE       0  CODE    
                text2                          00FA16  000066  00FA7C      7D0B       0  CODE    
                text1                          00FA7C  000066  00FAE2      7D3E       0  CODE    
                text5                          00FAE2  000076  00FB58      7D71       0  CODE    
                text3                          00FB58  000076  00FBCE      7DAC       0  CODE    
                text4                          00FBCE  00009C  00FC6A      7DE7       0  CODE    
                text0                          00FC6A  00010E  00FD78      7E35       0  CODE    
                text8                          00FD78  000144  00FEBC      7EBC       0  CODE    
                text7                          00FEBC  000144  010000      7F5E       0  CODE    


UNUSED ADDRESS RANGES

        Name                Unused          Largest block    Delta
        BANK0            000080-0000FF               80
        BANK1            000100-0001FF              100
        BANK10           000A00-000AFF              100
        BANK11           000B00-000BFF              100
        BANK12           000C00-000CFF              100
        BANK13           000D00-000DFF              100
        BANK14           000E00-000EFF              100
        BANK15           000F00-000F7F               80
        BANK2            000200-0002FF              100
        BANK3            000300-0003FF              100
        BANK4            000400-0004FF              100
        BANK5            000500-0005FF              100
        BANK6            000600-0006FF              100
        BANK7            000700-0007FF              100
        BANK8            000800-0008FF              100
        BANK9            000900-0009FF              100
        BIGRAM           000036-000F7F              F4A
        BIGSFR           000F80-000FFF               80
        CODE             000004-00F98A             F987
        COMRAM           000036-00007F               4A
        CONST            000004-00F98A             F987
        EEDATA           F00000-F003FF              400
        MEDIUMCONST      001000-00F98A             E98B
        RAM              000080-000F7F              100
        SFR              000F80-000FFF               80
        SMALLCONST       001000-00F98A              100

                                  Symbol Table

_LATA                            (abs)        000F89
_LATB                            (abs)        000F8A
_LATC                            (abs)        000F8B
_LATD                            (abs)        000F8C
_LATE                            (abs)        000F8D
_PORTA                           (abs)        000F80
_PORTB                           (abs)        000F81
_PORTC                           (abs)        000F82
_PORTD                           (abs)        000F83
_PORTE                           (abs)        000F84
_TRISA                           (abs)        000F92
_TRISB                           (abs)        000F93
_TRISC                           (abs)        000F94
_TRISD                           (abs)        000F95
_TRISE                           (abs)        000F96
__HRAM                           (abs)        000000
__Habs1                          abs1         000000
__Hbank0                         bank0        000000
__Hbank1                         bank1        000000
__Hbank10                        bank10       000000
__Hbank11                        bank11       000000
__Hbank12                        bank12       000000
__Hbank13                        bank13       000000
__Hbank14                        bank14       000000
__Hbank15                        bank15       000000
__Hbank2                         bank2        000000
__Hbank3                         bank3        000000
__Hbank4                         bank4        000000
__Hbank5                         bank5        000000
__Hbank6                         bank6        000000
__Hbank7                         bank7        000000
__Hbank8                         bank8        000000
__Hbank9                         bank9        000000
__Hbigbss                        bigbss       000000
__Hbigdata                       bigdata      000000
__Hbigram                        bigram       000000
__Hbigsfr                        bigsfr       000000
__Hbss                           bss          000000
__HbssCOMRAM                     bssCOMRAM    000000
__Hcinit                         cinit        000000
__Hclrtext                       clrtext      000000
__Hcomram                        comram       000000
__Hconfig                        config       30000E
__Hconst                         const        000000
__HcstackCOMRAM                  cstackCOMRAM 000000
__Hdata                          data         000000
__HdataCOMRAM                    dataCOMRAM   000000
__Heeprom_data                   eeprom_data  000000
__Hfarbss                        farbss       000000
__Hfardata                       fardata      000000
__Hheap                          heap         000000
__Hibigdata                      ibigdata     000000
__Hidata                         idata        000000
__HidataCOMRAM                   idataCOMRAM  000000
__Hidloc                         idloc        200008
__Hifardata                      ifardata     000000
__Hinit                          init         000004
__Hintcode                       intcode      000000
__Hintcode_body                  intcode_body 000000
__Hintcodelo                     intcodelo    000000
__Hintentry                      intentry     000000
__Hintret                        intret       000000
__Hintsave_regs                  intsave_regs 000000
__Hirdata                        irdata       000000
__Hmediumconst                   mediumconst  000000
__HnvFARRAM                      nvFARRAM     000000
__Hnvbit                         nvbit        000000
__Hnvrram                        nvrram       000000
__Hparam                         rparam       000000
__Hpowerup                       powerup      000000
__Hram                           ram          000000
__Hramtop                        ramtop       001000
__Hrbit                          rbit         000000
__Hrbss                          rbss         000000
__Hrdata                         rdata        000000
__Hreset_vec                     reset_vec    000000
__Hrparam                        rparam       000000
__Hsfr                           sfr          000000
__Hsmallconst                    smallconst   000000
__Hspace_0                       (abs)        010000
__Hspace_1                       (abs)        000036
__Hspace_2                       (abs)        000000
__Hspace_4                       (abs)        60000E
__Hstack                         stack        000000
__Hstruct                        struct       000000
__Htemp                          temp         000000
__Htext                          text         000000
__Htext0                         text0        000000
__Htext1                         text1        000000
__Htext2                         text2        000000
__Htext3                         text3        000000
__Htext4                         text4        000000
__Htext5                         text5        000000
__Htext6                         text6        000000
__Htext7                         text7        000000
__Htext8                         text8        000000
__LRAM                           (abs)        000001
__Labs1                          abs1         000000
__Lbank0                         bank0        000000
__Lbank1                         bank1        000000
__Lbank10                        bank10       000000
__Lbank11                        bank11       000000
__Lbank12                        bank12       000000
__Lbank13                        bank13       000000
__Lbank14                        bank14       000000
__Lbank15                        bank15       000000
__Lbank2                         bank2        000000
__Lbank3                         bank3        000000
__Lbank4                         bank4        000000
__Lbank5                         bank5        000000
__Lbank6                         bank6        000000
__Lbank7                         bank7        000000
__Lbank8                         bank8        000000
__Lbank9                         bank9        000000
__Lbigbss                        bigbss       000000
__Lbigdata                       bigdata      000000
__Lbigram                        bigram       000000
__Lbigsfr                        bigsfr       000000
__Lbss                           bss          000000
__LbssCOMRAM                     bssCOMRAM    000000
__Lcinit                         cinit        000000
__Lclrtext                       clrtext      000000
__Lcomram                        comram       000000
__Lconfig                        config       000000
__Lconst                         const        000000
__LcstackCOMRAM                  cstackCOMRAM 000000
__Ldata                          data         000000
__LdataCOMRAM                    dataCOMRAM   000000
__Leeprom_data                   eeprom_data  000000
__Lfarbss                        farbss       000000
__Lfardata                       fardata      000000
__Lheap                          heap         000000
__Libigdata                      ibigdata     000000
__Lidata                         idata        000000
__LidataCOMRAM                   idataCOMRAM  000000
__Lidloc                         idloc        000000
__Lifardata                      ifardata     000000
__Linit                          init         000000
__Lintcode                       intcode      000000
__Lintcode_body                  intcode_body 000000
__Lintcodelo                     intcodelo    000000
__Lintentry                      intentry     000000
__Lintret                        intret       000000
__Lintsave_regs                  intsave_regs 000000
__Lirdata                        irdata       000000
__Lmediumconst                   mediumconst  000000
__LnvFARRAM                      nvFARRAM     000000
__Lnvbit                         nvbit        000000
__Lnvrram                        nvrram       000000
__Lparam                         rparam       000000
__Lpowerup                       powerup      000000
__Lram                           ram          000000
__Lramtop                        ramtop       001000
__Lrbit                          rbit         000000
__Lrbss                          rbss         000000
__Lrdata                         rdata        000000
__Lreset_vec                     reset_vec    000000
__Lrparam                        rparam       000000
__Lsfr                           sfr          000000
__Lsmallconst                    smallconst   000000
__Lspace_0                       (abs)        000000
__Lspace_1                       (abs)        000000
__Lspace_2                       (abs)        000000
__Lspace_4                       (abs)        000000
__Lstack                         stack        000000
__Lstruct                        struct       000000
__Ltemp                          temp         000000
__Ltext                          text         000000
__Ltext0                         text0        000000
__Ltext1                         text1        000000
__Ltext2                         text2        000000
__Ltext3                         text3        000000
__Ltext4                         text4        000000
__Ltext5                         text5        000000
__Ltext6                         text6        000000
__Ltext7                         text7        000000
__Ltext8                         text8        000000
__S0                             (abs)        010000
__S1                             (abs)        000036
__S4                             (abs)        000000
__S5                             (abs)        000000
___heap_hi                       (abs)        000000
___heap_lo                       (abs)        000000
___inthi_sp                      stack        000000
___intlo_sp                      stack        000000
___param_bank                    (abs)        000000
___rparam_used                   (abs)        000001
___sp                            stack        000000
__accesstop                      (abs)        000080
__activetblptr                   (abs)        000002
__end_of__initialization         cinit        00F9D2
__end_of_gpio_pin_direction_init text8        00FEBC
__end_of_gpio_pin_initialize     text6        00FA16
__end_of_gpio_pin_logic_toggle   text4        00FC6A
__end_of_gpio_pin_logic_write    text7        010000
__end_of_led_init                text5        00FB58
__end_of_led_toggle              text3        00FBCE
__end_of_led_turn_off            text2        00FA7C
__end_of_led_turn_on             text1        00FAE2
__end_of_main                    text0        00FD78
__initialization                 cinit        00F9AA
__mediumconst                    mediumconst  000000
__pbssCOMRAM                     bssCOMRAM    000032
__pcinit                         cinit        00F9AA
__pcstackCOMRAM                  cstackCOMRAM 000020
__pdataCOMRAM                    dataCOMRAM   000001
__pidataCOMRAM                   idataCOMRAM  00F98B
__ptext0                         text0        00FC6A
__ptext1                         text1        00FA7C
__ptext2                         text2        00FA16
__ptext3                         text3        00FB58
__ptext4                         text4        00FBCE
__ptext5                         text5        00FAE2
__ptext6                         text6        00F9DC
__ptext7                         text7        00FEBC
__ptext8                         text8        00FD78
__ramtop                         ramtop       001000
__smallconst                     smallconst   000000
_gpio_pin_direction_init         text8        00FD78
_gpio_pin_initialize             text6        00F9DC
_gpio_pin_logic_toggle           text4        00FBCE
_gpio_pin_logic_write            text7        00FEBC
_lat_regs                        dataCOMRAM   000001
_led0portd                       dataCOMRAM   00001F
_led_init                        text5        00FAE2
_led_toggle                      text3        00FB58
_led_turn_off                    text2        00FA16
_led_turn_on                     text1        00FA7C
_main                            text0        00FC6A
_port_regs                       dataCOMRAM   00000B
_tris_regs                       dataCOMRAM   000015
end_of_initialization            cinit        00F9D2
gpio_pin_direction_init@my_pin   cstackCOMRAM 000020
gpio_pin_direction_init@ret      cstackCOMRAM 000028
gpio_pin_initialize@my_pin       cstackCOMRAM 000029
gpio_pin_initialize@ret          cstackCOMRAM 00002B
gpio_pin_logic_toggle@my_pin     cstackCOMRAM 000020
gpio_pin_logic_toggle@ret        cstackCOMRAM 000027
gpio_pin_logic_write@my_pin      cstackCOMRAM 000020
gpio_pin_logic_write@ret         cstackCOMRAM 000028
intlevel0                        text         000000
intlevel1                        text         000000
intlevel2                        text         000000
intlevel3                        text         000000
isa$std                          (abs)        000001
isa$xinst                        (abs)        000000
led_init@F3044                   bssCOMRAM    000035
led_init@my_led                  cstackCOMRAM 00002C
led_init@my_pin                  cstackCOMRAM 00002F
led_toggle@F3059                 bssCOMRAM    000032
led_toggle@my_led                cstackCOMRAM 000028
led_toggle@my_pin                cstackCOMRAM 00002B
led_turn_off@F3054               bssCOMRAM    000033
led_turn_off@my_led              cstackCOMRAM 000029
led_turn_off@my_pin              cstackCOMRAM 00002C
led_turn_on@F3049                bssCOMRAM    000034
led_turn_on@my_led               cstackCOMRAM 000029
led_turn_on@my_pin               cstackCOMRAM 00002C
stackhi                          (abs)        000000
stacklo                          (abs)        000000
start                            init         000000
start_initialization             cinit        00F9AA


MODULE INFORMATION

Module		Function		Class		Link	Load	Size
ECU_L/LED/led.c
		_led_init      		CODE           	FAE2	0000	118
		_led_turn_on   		CODE           	FA7C	0000	102
		_led_turn_off  		CODE           	FA16	0000	102
		_led_toggle    		CODE           	FB58	0000	118

ECU_L/LED/led.c estimated size: 440

MCAL/GPIO/gpio.c
		_gpio_pin_logic_write		CODE           	FEBC	0000	324
		_gpio_pin_logic_toggle		CODE           	FBCE	0000	156
		_gpio_pin_direction_init		CODE           	FD78	0000	324
		_gpio_pin_initialize		CODE           	F9DC	0000	58

MCAL/GPIO/gpio.c estimated size: 862

shared
		__initialization		CODE           	F9AA	0000	40

shared estimated size: 40

app.c
		_main          		CODE           	FC6A	0000	270

app.c estimated size: 270

